{
  "date1": "2014-01-01",
  "date2": "x2014-01-01"
}