{
  "success": false,
  "errors": [{"id":"error1"},{"id":"error2"}],
  "warnings": [],
  "duration": 1.5,
  "tags": ["test"],
  "nullable": null
}